../Core/Src/main.c:137:6:ws2812_fill_buffer	32	static
../Core/Src/main.c:158:6:HAL_SPI_RxCpltCallback	24	static,ignoring_inline_asm
../Core/Src/main.c:186:6:HAL_SPI_TxCpltCallback	16	static
../Core/Src/main.c:198:5:main	8	static
../Core/Src/main.c:293:6:SystemClock_Config	96	static
../Core/Src/main.c:343:6:PeriphCommonClock_Config	96	static
../Core/Src/main.c:370:13:MX_ADC1_Init	32	static
../Core/Src/main.c:446:13:MX_SPI1_Init	8	static
../Core/Src/main.c:485:13:MX_TIM1_Init	56	static
../Core/Src/main.c:536:13:MX_TIM2_Init	56	static
../Core/Src/main.c:585:13:MX_TIM15_Init	112	static
../Core/Src/main.c:664:13:MX_TIM16_Init	80	static
../Core/Src/main.c:724:13:MX_DMA_Init	16	static
../Core/Src/main.c:749:13:MX_GPIO_Init	40	static
../Core/Src/main.c:804:13:setMotors	40	static
../Core/Src/main.c:838:6:StartDbgBootBtn	24	static
../Core/Src/main.c:876:6:StartTaskOdometry	64	static
../Core/Src/main.c:969:6:StartTaskComms	40	static
../Core/Src/main.c:1069:6:HAL_TIM_PeriodElapsedCallback	16	static
../Core/Src/main.c:1087:6:Error_Handler	4	static,ignoring_inline_asm
